13:00:38 **** Clean-only build of configuration Debug for project stm32f4xx_drivers ****
make -j4 clean 
make: *** No rule to make target 'clean'.  Stop.
"make -j4 clean" terminated with exit code 2. Build might be incomplete.
13:00:39 **** Build of configuration Debug for project stm32f4xx_drivers ****
make -j4 all 
arm-none-eabi-gcc -mcpu=cortex-m4 -g3 -c -x assembler-with-cpp -MMD -MP -MF"Src/Startup/startup_stm32f446retx.d" -MT"Src/Startup/startup_stm32f446retx.o" --specs=nano.specs -mfloat-abi=soft -mthumb -o "Src/Startup/startup_stm32f446retx.o" "../Src/Startup/startup_stm32f446retx.s"
arm-none-eabi-gcc "../Src/main.c" -mcpu=cortex-m4 -std=gnu11 -g3 -DSTM32 -DSTM32F4 -DSTM32F446RETx -DDEBUG -c -I../Inc -I"/home/bhavi/STM32CubeIDE/project1/stm32f4xx_drivers/drivers/inc" -O0 -ffunction-sections -fdata-sections -Wall -fstack-usage -MMD -MP -MF"Src/main.d" -MT"Src/main.o" --specs=nano.specs -mfloat-abi=soft -mthumb -o "Src/main.o"
arm-none-eabi-gcc "../Src/syscalls.c" -mcpu=cortex-m4 -std=gnu11 -g3 -DSTM32 -DSTM32F4 -DSTM32F446RETx -DDEBUG -c -I../Inc -I"/home/bhavi/STM32CubeIDE/project1/stm32f4xx_drivers/drivers/inc" -O0 -ffunction-sections -fdata-sections -Wall -fstack-usage -MMD -MP -MF"Src/syscalls.d" -MT"Src/syscalls.o" --specs=nano.specs -mfloat-abi=soft -mthumb -o "Src/syscalls.o"
arm-none-eabi-gcc "../Src/sysmem.c" -mcpu=cortex-m4 -std=gnu11 -g3 -DSTM32 -DSTM32F4 -DSTM32F446RETx -DDEBUG -c -I../Inc -I"/home/bhavi/STM32CubeIDE/project1/stm32f4xx_drivers/drivers/inc" -O0 -ffunction-sections -fdata-sections -Wall -fstack-usage -MMD -MP -MF"Src/sysmem.d" -MT"Src/sysmem.o" --specs=nano.specs -mfloat-abi=soft -mthumb -o "Src/sysmem.o"
In file included from ../Src/main.c:23:0:
../Src/../drivers/inc/stm32f446xx.h:34:1: warning: "/*" within comment [-Wcomment]
 /*
  
In file included from ../Src/main.c:23:0:
../Src/../drivers/inc/stm32f446xx.h:180:0: warning: "SPI3_PCLK_EN" redefined
 #define SPI3_PCLK_EN() (RCC->APB2ENR |= ( 1 << 13 ))
 
../Src/../drivers/inc/stm32f446xx.h:179:0: note: this is the location of the previous definition
 #define SPI3_PCLK_EN() (RCC->APB1ENR |= ( 1 << 15 ))
 
../Src/../drivers/inc/stm32f446xx.h:228:0: warning: "SPI3_PCLK_DI" redefined
 #define SPI3_PCLK_DI() (RCC->APB2ENR &= ~( 1 << 13 ))
 
../Src/../drivers/inc/stm32f446xx.h:227:0: note: this is the location of the previous definition
 #define SPI3_PCLK_DI() (RCC->APB1ENR &= ~( 1 << 15 ))
 
arm-none-eabi-gcc -o "stm32f4xx_drivers.elf" @"objects.list"   -mcpu=cortex-m4 -T"/home/bhavi/STM32CubeIDE/project1/stm32f4xx_drivers/STM32F446RETX_FLASH.ld" --specs=nosys.specs -Wl,-Map="stm32f4xx_drivers.map" -Wl,--gc-sections -static --specs=nano.specs -mfloat-abi=soft -mthumb -Wl,--start-group -lc -lm -Wl,--end-group
Finished building target: stm32f4xx_drivers.elf
 
arm-none-eabi-size   stm32f4xx_drivers.elf 
arm-none-eabi-objdump -h -S  stm32f4xx_drivers.elf  > "stm32f4xx_drivers.list"
arm-none-eabi-objcopy  -O binary  stm32f4xx_drivers.elf  "stm32f4xx_drivers.bin"
   text	   data	    bss	    dec	    hex	filename
    700	      8	   1568	   2276	    8e4	stm32f4xx_drivers.elf
Finished building: default.size.stdout
 
Finished building: stm32f4xx_drivers.bin
 
Finished building: stm32f4xx_drivers.list
 
